#-----------------------------------------------------------
# Vivado v2025.1 (64-bit)
# SW Build 6140274 on Thu May 22 00:12:29 MDT 2025
# IP Build 6138677 on Thu May 22 03:10:11 MDT 2025
# SharedData Build 6139179 on Tue May 20 17:58:58 MDT 2025
# Start of session at: Thu Nov 20 21:45:31 2025
# Process ID         : 28324
# Current directory  : C:/Vivado/ENGG 3050/Custom_Matrix_Multiplier/Pure_VHDL/Pure_VHDL.runs/impl_1
# Command line       : vivado.exe -log matrix_top.vdi -applog -product Vivado -messageDb vivado.pb -mode batch -source matrix_top.tcl -notrace
# Log file           : C:/Vivado/ENGG 3050/Custom_Matrix_Multiplier/Pure_VHDL/Pure_VHDL.runs/impl_1/matrix_top.vdi
# Journal file       : C:/Vivado/ENGG 3050/Custom_Matrix_Multiplier/Pure_VHDL/Pure_VHDL.runs/impl_1\vivado.jou
# Running On         : Danials-Laptop
# Platform           : Windows Server 2016 or Windows 10
# Operating System   : 26100
# Processor Detail   : AMD Ryzen 9 5900HX with Radeon Graphics        
# CPU Frequency      : 3294 MHz
# CPU Physical cores : 8
# CPU Logical cores  : 16
# Host memory        : 33720 MB
# Swap memory        : 8589 MB
# Total Virtual      : 42310 MB
# Available Virtual  : 20238 MB
#-----------------------------------------------------------
source matrix_top.tcl -notrace
